// Jest Snapshot v1, https://goo.gl/fbAQLP

exports[`pages/tasks/components/select_tags html render should render properly 1`] = `
<div
  aria-expanded="false"
  class="ui fluid multiple search selection dropdown"
  id="select_tags"
  role="combobox"
>
  <input
    aria-autocomplete="list"
    autocomplete="off"
    class="search"
    tabindex="0"
    type="text"
    value=""
  />
  <span
    class="sizer"
  />
  <div
    aria-atomic="true"
    aria-live="polite"
    class="divider default text"
    role="alert"
  >
    Add tags or choose an existent tags
  </div>
  <i
    aria-hidden="true"
    class="dropdown icon"
  />
  <div
    aria-multiselectable="true"
    class="menu transition"
    role="listbox"
  >
    <div
      class="message"
    >
      No results found.
    </div>
  </div>
</div>
`;
