// Jest Snapshot v1, https://goo.gl/fbAQLP

exports[`pages/tasks/views/task_modal Html rendering should render correctly 1`] = `null`;
